(TranslationUnit 
    (SymbolTable
        1
        {
            intrinsics_47:
                (Function 
                    (SymbolTable
                        2
                        {
                            kind:
                                (ExternalSymbol 
                                    2 
                                    kind 
                                    28 kind 
                                    lfortran_intrinsic_kind 
                                    [] 
                                    kind 
                                    Private
                                ), 
                            real:
                                (ExternalSymbol 
                                    2 
                                    real 
                                    4 real 
                                    lfortran_intrinsic_builtin 
                                    [] 
                                    real 
                                    Private
                                ), 
                            x:
                                (Variable 
                                    2 
                                    x 
                                    [] 
                                    Local 
                                    () 
                                    () 
                                    Default 
                                    (Real 8 []) 
                                    Source 
                                    Public 
                                    Required 
                                    .false.
                                )
                            
                        }) 
                    intrinsics_47 
                    [] 
                    [] 
                    [(= 
                        (Var 2 x) 
                        (Cast 
                            (IntegerConstant 1 (Integer 4 [])) 
                            IntegerToReal 
                            (Real 8 []) 
                            (RealConstant 
                                1.000000 
                                (Real 8 [])
                            )
                        ) 
                        ()
                    )] 
                    () 
                    Source 
                    Public 
                    Implementation 
                    () 
                    .false. 
                    .false. 
                    .false. 
                    .false. 
                    .false. 
                    [] 
                    [] 
                    .false.
                ), 
            lfortran_intrinsic_builtin:
                (IntrinsicModule lfortran_intrinsic_builtin), 
            lfortran_intrinsic_kind:
                (IntrinsicModule lfortran_intrinsic_kind)
            
        }) 
    []
)
